Archive member included because of file (symbol)

c:/program files/gnu tools arm embedded/4.8 2014q2/bin/../lib/gcc/arm-none-eabi/4.8.4/armv6-m\libgcc.a(_udivsi3.o)
                              ..\obj\stm32f0xx_rcc.o (__aeabi_uidiv)
c:/program files/gnu tools arm embedded/4.8 2014q2/bin/../lib/gcc/arm-none-eabi/4.8.4/armv6-m\libgcc.a(_divsi3.o)
                              ..\obj\main.o (__aeabi_idiv)
c:/program files/gnu tools arm embedded/4.8 2014q2/bin/../lib/gcc/arm-none-eabi/4.8.4/armv6-m\libgcc.a(_dvmd_tls.o)
                              c:/program files/gnu tools arm embedded/4.8 2014q2/bin/../lib/gcc/arm-none-eabi/4.8.4/armv6-m\libgcc.a(_udivsi3.o) (__aeabi_idiv0)

Allocating common symbols
Common symbol       size              file

tmp                 0x14              ..\obj\main.o
settings            0x60              ..\obj\main.o
vect_fft            0x200             ..\obj\main.o
vectB2              0x100             ..\obj\main.o
GPIO_InitStructure  0x8               ..\obj\main.o
vectA2              0x100             ..\obj\main.o
msTicks             0x4               ..\obj\main.o

Discarded input sections

 .text          0x00000000        0x0 ..\obj\stm32f0xx_rcc.o
 .bss           0x00000000        0x0 ..\obj\stm32f0xx_rcc.o
 .text.RCC_DeInit
                0x00000000       0x60 ..\obj\stm32f0xx_rcc.o
 .text.RCC_HSEConfig
                0x00000000       0x10 ..\obj\stm32f0xx_rcc.o
 .text.RCC_AdjustHSICalibrationValue
                0x00000000       0x14 ..\obj\stm32f0xx_rcc.o
 .text.RCC_HSICmd
                0x00000000       0x20 ..\obj\stm32f0xx_rcc.o
 .text.RCC_AdjustHSI14CalibrationValue
                0x00000000       0x14 ..\obj\stm32f0xx_rcc.o
 .text.RCC_HSI14Cmd
                0x00000000       0x20 ..\obj\stm32f0xx_rcc.o
 .text.RCC_HSI14ADCRequestCmd
                0x00000000       0x20 ..\obj\stm32f0xx_rcc.o
 .text.RCC_LSEConfig
                0x00000000       0x20 ..\obj\stm32f0xx_rcc.o
 .text.RCC_LSEDriveConfig
                0x00000000       0x18 ..\obj\stm32f0xx_rcc.o
 .text.RCC_LSICmd
                0x00000000       0x20 ..\obj\stm32f0xx_rcc.o
 .text.RCC_PLLConfig
                0x00000000       0x20 ..\obj\stm32f0xx_rcc.o
 .text.RCC_PLLCmd
                0x00000000       0x28 ..\obj\stm32f0xx_rcc.o
 .text.RCC_PREDIV1Config
                0x00000000       0x14 ..\obj\stm32f0xx_rcc.o
 .text.RCC_ClockSecuritySystemCmd
                0x00000000       0x28 ..\obj\stm32f0xx_rcc.o
 .text.RCC_MCOConfig
                0x00000000        0xc ..\obj\stm32f0xx_rcc.o
 .text.RCC_SYSCLKConfig
                0x00000000       0x14 ..\obj\stm32f0xx_rcc.o
 .text.RCC_GetSYSCLKSource
                0x00000000       0x10 ..\obj\stm32f0xx_rcc.o
 .text.RCC_HCLKConfig
                0x00000000       0x14 ..\obj\stm32f0xx_rcc.o
 .text.RCC_PCLKConfig
                0x00000000       0x18 ..\obj\stm32f0xx_rcc.o
 .text.RCC_ADCCLKConfig
                0x00000000       0x34 ..\obj\stm32f0xx_rcc.o
 .text.RCC_CECCLKConfig
                0x00000000       0x18 ..\obj\stm32f0xx_rcc.o
 .text.RCC_I2CCLKConfig
                0x00000000       0x18 ..\obj\stm32f0xx_rcc.o
 .text.RCC_USARTCLKConfig
                0x00000000       0x18 ..\obj\stm32f0xx_rcc.o
 .text.RCC_RTCCLKConfig
                0x00000000       0x10 ..\obj\stm32f0xx_rcc.o
 .text.RCC_RTCCLKCmd
                0x00000000       0x28 ..\obj\stm32f0xx_rcc.o
 .text.RCC_BackupResetCmd
                0x00000000       0x28 ..\obj\stm32f0xx_rcc.o
 .text.RCC_AHBPeriphResetCmd
                0x00000000       0x1c ..\obj\stm32f0xx_rcc.o
 .text.RCC_APB1PeriphResetCmd
                0x00000000       0x1c ..\obj\stm32f0xx_rcc.o
 .text.RCC_ITConfig
                0x00000000       0x1c ..\obj\stm32f0xx_rcc.o
 .text.RCC_GetFlagStatus
                0x00000000       0x34 ..\obj\stm32f0xx_rcc.o
 .text.RCC_WaitForHSEStartUp
                0x00000000       0x34 ..\obj\stm32f0xx_rcc.o
 .text.RCC_ClearFlag
                0x00000000       0x14 ..\obj\stm32f0xx_rcc.o
 .text.RCC_GetITStatus
                0x00000000       0x14 ..\obj\stm32f0xx_rcc.o
 .text.RCC_ClearITPendingBit
                0x00000000        0xc ..\obj\stm32f0xx_rcc.o
 .text          0x00000000        0x0 ..\obj\stm32f0xx_adc.o
 .data          0x00000000        0x0 ..\obj\stm32f0xx_adc.o
 .bss           0x00000000        0x0 ..\obj\stm32f0xx_adc.o
 .text.ADC_StructInit
                0x00000000       0x10 ..\obj\stm32f0xx_adc.o
 .text.ADC_JitterCmd
                0x00000000       0x14 ..\obj\stm32f0xx_adc.o
 .text.ADC_AnalogWatchdogCmd
                0x00000000       0x20 ..\obj\stm32f0xx_adc.o
 .text.ADC_AnalogWatchdogThresholdsConfig
                0x00000000        0x8 ..\obj\stm32f0xx_adc.o
 .text.ADC_AnalogWatchdogSingleChannelConfig
                0x00000000       0x10 ..\obj\stm32f0xx_adc.o
 .text.ADC_AnalogWatchdogSingleChannelCmd
                0x00000000       0x20 ..\obj\stm32f0xx_adc.o
 .text.ADC_TempSensorCmd
                0x00000000       0x28 ..\obj\stm32f0xx_adc.o
 .text.ADC_VrefintCmd
                0x00000000       0x28 ..\obj\stm32f0xx_adc.o
 .text.ADC_VbatCmd
                0x00000000       0x28 ..\obj\stm32f0xx_adc.o
 .text.ADC_ContinuousModeCmd
                0x00000000       0x20 ..\obj\stm32f0xx_adc.o
 .text.ADC_DiscModeCmd
                0x00000000       0x20 ..\obj\stm32f0xx_adc.o
 .text.ADC_OverrunModeCmd
                0x00000000       0x20 ..\obj\stm32f0xx_adc.o
 .text.ADC_StopOfConversion
                0x00000000        0xc ..\obj\stm32f0xx_adc.o
 .text.ADC_DMACmd
                0x00000000       0x18 ..\obj\stm32f0xx_adc.o
 .text.ADC_DMARequestModeConfig
                0x00000000       0x10 ..\obj\stm32f0xx_adc.o
 .text.ADC_ITConfig
                0x00000000       0x14 ..\obj\stm32f0xx_adc.o
 .text.ADC_GetITStatus
                0x00000000       0x14 ..\obj\stm32f0xx_adc.o
 .text.ADC_ClearITPendingBit
                0x00000000        0x4 ..\obj\stm32f0xx_adc.o
 .text          0x00000000        0x0 ..\obj\main.o
 .text.msTicks_Reset
                0x00000000        0xc ..\obj\main.o
 .text.msTicks_Get
                0x00000000        0xc ..\obj\main.o
 .text.delay    0x00000000       0x20 ..\obj\main.o
 .text.delayL   0x00000000       0x1c ..\obj\main.o
 .text.delayInMilliSeconds
                0x00000000       0x14 ..\obj\main.o
 .text.SPI_speed
                0x00000000       0x14 ..\obj\main.o
 .text          0x00000000       0x14 ..\obj\startup_stm32f0xx.o
 .data          0x00000000        0x0 ..\obj\startup_stm32f0xx.o
 .bss           0x00000000        0x0 ..\obj\startup_stm32f0xx.o
 .text          0x00000000        0x0 ..\obj\stm32f0xx_spi.o
 .data          0x00000000        0x0 ..\obj\stm32f0xx_spi.o
 .bss           0x00000000        0x0 ..\obj\stm32f0xx_spi.o
 .text.SPI_I2S_DeInit
                0x00000000       0x44 ..\obj\stm32f0xx_spi.o
 .text.SPI_StructInit
                0x00000000       0x1c ..\obj\stm32f0xx_spi.o
 .text.I2S_StructInit
                0x00000000       0x14 ..\obj\stm32f0xx_spi.o
 .text.I2S_Init
                0x00000000       0xb4 ..\obj\stm32f0xx_spi.o
 .text.SPI_TIModeCmd
                0x00000000       0x18 ..\obj\stm32f0xx_spi.o
 .text.I2S_Cmd  0x00000000       0x20 ..\obj\stm32f0xx_spi.o
 .text.SPI_DataSizeConfig
                0x00000000       0x10 ..\obj\stm32f0xx_spi.o
 .text.SPI_BiDirectionalLineConfig
                0x00000000       0x24 ..\obj\stm32f0xx_spi.o
 .text.SPI_NSSInternalSoftwareConfig
                0x00000000       0x24 ..\obj\stm32f0xx_spi.o
 .text.SPI_SSOutputCmd
                0x00000000       0x18 ..\obj\stm32f0xx_spi.o
 .text.SPI_NSSPulseModeCmd
                0x00000000       0x18 ..\obj\stm32f0xx_spi.o
 .text.SPI_I2S_SendData16
                0x00000000        0x4 ..\obj\stm32f0xx_spi.o
 .text.SPI_I2S_ReceiveData16
                0x00000000        0x8 ..\obj\stm32f0xx_spi.o
 .text.SPI_CRCLengthConfig
                0x00000000       0x14 ..\obj\stm32f0xx_spi.o
 .text.SPI_TransmitCRC
                0x00000000        0xc ..\obj\stm32f0xx_spi.o
 .text.SPI_GetCRC
                0x00000000       0x10 ..\obj\stm32f0xx_spi.o
 .text.SPI_GetCRCPolynomial
                0x00000000        0x8 ..\obj\stm32f0xx_spi.o
 .text.SPI_I2S_DMACmd
                0x00000000       0x14 ..\obj\stm32f0xx_spi.o
 .text.SPI_LastDMATransferCmd
                0x00000000       0x14 ..\obj\stm32f0xx_spi.o
 .text.SPI_I2S_ITConfig
                0x00000000       0x1c ..\obj\stm32f0xx_spi.o
 .text.SPI_GetTransmissionFIFOStatus
                0x00000000        0xc ..\obj\stm32f0xx_spi.o
 .text.SPI_GetReceptionFIFOStatus
                0x00000000        0xc ..\obj\stm32f0xx_spi.o
 .text.SPI_I2S_ClearFlag
                0x00000000        0x8 ..\obj\stm32f0xx_spi.o
 .text.SPI_I2S_GetITStatus
                0x00000000       0x28 ..\obj\stm32f0xx_spi.o
 .text          0x00000000        0x0 ..\obj\system_stm32f0xx_temp.o
 .bss           0x00000000        0x0 ..\obj\system_stm32f0xx_temp.o
 .text.SystemCoreClockUpdate1
                0x00000000       0x8c ..\obj\system_stm32f0xx_temp.o
 .text          0x00000000        0x0 ..\obj\stm32f0xx_gpio.o
 .data          0x00000000        0x0 ..\obj\stm32f0xx_gpio.o
 .bss           0x00000000        0x0 ..\obj\stm32f0xx_gpio.o
 .text.GPIO_DeInit
                0x00000000       0xa0 ..\obj\stm32f0xx_gpio.o
 .text.GPIO_StructInit
                0x00000000       0x18 ..\obj\stm32f0xx_gpio.o
 .text.GPIO_PinLockConfig
                0x00000000       0x24 ..\obj\stm32f0xx_gpio.o
 .text.GPIO_ReadInputDataBit
                0x00000000        0xc ..\obj\stm32f0xx_gpio.o
 .text.GPIO_ReadInputData
                0x00000000        0x8 ..\obj\stm32f0xx_gpio.o
 .text.GPIO_ReadOutputDataBit
                0x00000000        0xc ..\obj\stm32f0xx_gpio.o
 .text.GPIO_ReadOutputData
                0x00000000        0x8 ..\obj\stm32f0xx_gpio.o
 .text.GPIO_SetBits
                0x00000000        0x4 ..\obj\stm32f0xx_gpio.o
 .text.GPIO_ResetBits
                0x00000000        0x4 ..\obj\stm32f0xx_gpio.o
 .text.GPIO_WriteBit
                0x00000000        0xc ..\obj\stm32f0xx_gpio.o
 .text.GPIO_Write
                0x00000000        0x4 ..\obj\stm32f0xx_gpio.o
 .text          0x00000000        0x0 ..\obj\stm32f0xx_usart.o
 .data          0x00000000        0x0 ..\obj\stm32f0xx_usart.o
 .bss           0x00000000        0x0 ..\obj\stm32f0xx_usart.o
 .text.USART_DeInit
                0x00000000       0x44 ..\obj\stm32f0xx_usart.o
 .text.USART_StructInit
                0x00000000       0x18 ..\obj\stm32f0xx_usart.o
 .text.USART_ClockInit
                0x00000000       0x20 ..\obj\stm32f0xx_usart.o
 .text.USART_ClockStructInit
                0x00000000        0xc ..\obj\stm32f0xx_usart.o
 .text.USART_DirectionModeCmd
                0x00000000       0x14 ..\obj\stm32f0xx_usart.o
 .text.USART_OverSampling8Cmd
                0x00000000       0x20 ..\obj\stm32f0xx_usart.o
 .text.USART_OneBitMethodCmd
                0x00000000       0x20 ..\obj\stm32f0xx_usart.o
 .text.USART_MSBFirstCmd
                0x00000000       0x20 ..\obj\stm32f0xx_usart.o
 .text.USART_DataInvCmd
                0x00000000       0x20 ..\obj\stm32f0xx_usart.o
 .text.USART_InvPinCmd
                0x00000000       0x14 ..\obj\stm32f0xx_usart.o
 .text.USART_SWAPPinCmd
                0x00000000       0x20 ..\obj\stm32f0xx_usart.o
 .text.USART_ReceiverTimeOutCmd
                0x00000000       0x20 ..\obj\stm32f0xx_usart.o
 .text.USART_SetReceiverTimeOut
                0x00000000       0x10 ..\obj\stm32f0xx_usart.o
 .text.USART_SetPrescaler
                0x00000000       0x10 ..\obj\stm32f0xx_usart.o
 .text.USART_STOPModeCmd
                0x00000000       0x18 ..\obj\stm32f0xx_usart.o
 .text.USART_StopModeWakeUpSourceConfig
                0x00000000       0x14 ..\obj\stm32f0xx_usart.o
 .text.USART_AutoBaudRateCmd
                0x00000000       0x20 ..\obj\stm32f0xx_usart.o
 .text.USART_AutoBaudRateConfig
                0x00000000       0x14 ..\obj\stm32f0xx_usart.o
 .text.USART_SetAddress
                0x00000000       0x14 ..\obj\stm32f0xx_usart.o
 .text.USART_MuteModeCmd
                0x00000000       0x20 ..\obj\stm32f0xx_usart.o
 .text.USART_MuteModeWakeUpConfig
                0x00000000       0x14 ..\obj\stm32f0xx_usart.o
 .text.USART_AddressDetectionConfig
                0x00000000       0x10 ..\obj\stm32f0xx_usart.o
 .text.USART_LINBreakDetectLengthConfig
                0x00000000       0x10 ..\obj\stm32f0xx_usart.o
 .text.USART_LINCmd
                0x00000000       0x20 ..\obj\stm32f0xx_usart.o
 .text.USART_HalfDuplexCmd
                0x00000000       0x18 ..\obj\stm32f0xx_usart.o
 .text.USART_SetGuardTime
                0x00000000       0x14 ..\obj\stm32f0xx_usart.o
 .text.USART_SmartCardCmd
                0x00000000       0x18 ..\obj\stm32f0xx_usart.o
 .text.USART_SmartCardNACKCmd
                0x00000000       0x18 ..\obj\stm32f0xx_usart.o
 .text.USART_SetAutoRetryCount
                0x00000000       0x18 ..\obj\stm32f0xx_usart.o
 .text.USART_SetBlockLength
                0x00000000       0x14 ..\obj\stm32f0xx_usart.o
 .text.USART_IrDAConfig
                0x00000000       0x10 ..\obj\stm32f0xx_usart.o
 .text.USART_IrDACmd
                0x00000000       0x18 ..\obj\stm32f0xx_usart.o
 .text.USART_DECmd
                0x00000000       0x20 ..\obj\stm32f0xx_usart.o
 .text.USART_DEPolarityConfig
                0x00000000       0x14 ..\obj\stm32f0xx_usart.o
 .text.USART_SetDEAssertionTime
                0x00000000       0x18 ..\obj\stm32f0xx_usart.o
 .text.USART_SetDEDeassertionTime
                0x00000000       0x18 ..\obj\stm32f0xx_usart.o
 .text.USART_DMACmd
                0x00000000       0x14 ..\obj\stm32f0xx_usart.o
 .text.USART_DMAReceptionErrorConfig
                0x00000000       0x14 ..\obj\stm32f0xx_usart.o
 .text.USART_RequestCmd
                0x00000000       0x18 ..\obj\stm32f0xx_usart.o
 .text.USART_OverrunDetectionConfig
                0x00000000       0x14 ..\obj\stm32f0xx_usart.o
 .text.USART_ClearFlag
                0x00000000        0x4 ..\obj\stm32f0xx_usart.o
 .text.USART_ClearITPendingBit
                0x00000000        0xc ..\obj\stm32f0xx_usart.o
 .text          0x00000000        0x0 ..\obj\stm32f0xx_tim.o
 .data          0x00000000        0x0 ..\obj\stm32f0xx_tim.o
 .bss           0x00000000        0x0 ..\obj\stm32f0xx_tim.o
 .text.TI1_Config
                0x00000000       0x2c ..\obj\stm32f0xx_tim.o
 .text.TI2_Config
                0x00000000       0x3c ..\obj\stm32f0xx_tim.o
 .text.TIM_DeInit
                0x00000000       0xf4 ..\obj\stm32f0xx_tim.o
 .text.TIM_TimeBaseStructInit
                0x00000000       0x14 ..\obj\stm32f0xx_tim.o
 .text.TIM_CounterModeConfig
                0x00000000        0xc ..\obj\stm32f0xx_tim.o
 .text.TIM_SetCounter
                0x00000000        0x4 ..\obj\stm32f0xx_tim.o
 .text.TIM_SetAutoreload
                0x00000000        0x4 ..\obj\stm32f0xx_tim.o
 .text.TIM_GetCounter
                0x00000000        0x4 ..\obj\stm32f0xx_tim.o
 .text.TIM_GetPrescaler
                0x00000000        0x8 ..\obj\stm32f0xx_tim.o
 .text.TIM_UpdateDisableConfig
                0x00000000       0x18 ..\obj\stm32f0xx_tim.o
 .text.TIM_UpdateRequestConfig
                0x00000000       0x18 ..\obj\stm32f0xx_tim.o
 .text.TIM_ARRPreloadConfig
                0x00000000       0x18 ..\obj\stm32f0xx_tim.o
 .text.TIM_SelectOnePulseMode
                0x00000000       0x10 ..\obj\stm32f0xx_tim.o
 .text.TIM_SetClockDivision
                0x00000000       0x14 ..\obj\stm32f0xx_tim.o
 .text.TIM_BDTRConfig
                0x00000000       0x20 ..\obj\stm32f0xx_tim.o
 .text.TIM_BDTRStructInit
                0x00000000       0x14 ..\obj\stm32f0xx_tim.o
 .text.TIM_OC2Init
                0x00000000       0xa0 ..\obj\stm32f0xx_tim.o
 .text.TIM_OCStructInit
                0x00000000       0x14 ..\obj\stm32f0xx_tim.o
 .text.TIM_SelectOCxM
                0x00000000       0x4c ..\obj\stm32f0xx_tim.o
 .text.TIM_SetCompare1
                0x00000000        0x4 ..\obj\stm32f0xx_tim.o
 .text.TIM_SetCompare2
                0x00000000        0x4 ..\obj\stm32f0xx_tim.o
 .text.TIM_ForcedOC1Config
                0x00000000        0xc ..\obj\stm32f0xx_tim.o
 .text.TIM_ForcedOC2Config
                0x00000000       0x18 ..\obj\stm32f0xx_tim.o
 .text.TIM_ForcedOC3Config
                0x00000000        0xc ..\obj\stm32f0xx_tim.o
 .text.TIM_ForcedOC4Config
                0x00000000       0x18 ..\obj\stm32f0xx_tim.o
 .text.TIM_CCPreloadControl
                0x00000000       0x18 ..\obj\stm32f0xx_tim.o
 .text.TIM_OC1PreloadConfig
                0x00000000        0xc ..\obj\stm32f0xx_tim.o
 .text.TIM_OC2PreloadConfig
                0x00000000       0x18 ..\obj\stm32f0xx_tim.o
 .text.TIM_OC1FastConfig
                0x00000000        0xc ..\obj\stm32f0xx_tim.o
 .text.TIM_OC2FastConfig
                0x00000000       0x18 ..\obj\stm32f0xx_tim.o
 .text.TIM_OC3FastConfig
                0x00000000        0xc ..\obj\stm32f0xx_tim.o
 .text.TIM_OC4FastConfig
                0x00000000       0x18 ..\obj\stm32f0xx_tim.o
 .text.TIM_ClearOC1Ref
                0x00000000        0xc ..\obj\stm32f0xx_tim.o
 .text.TIM_ClearOC2Ref
                0x00000000       0x10 ..\obj\stm32f0xx_tim.o
 .text.TIM_ClearOC3Ref
                0x00000000        0xc ..\obj\stm32f0xx_tim.o
 .text.TIM_ClearOC4Ref
                0x00000000       0x10 ..\obj\stm32f0xx_tim.o
 .text.TIM_OC1PolarityConfig
                0x00000000        0xc ..\obj\stm32f0xx_tim.o
 .text.TIM_OC1NPolarityConfig
                0x00000000        0xc ..\obj\stm32f0xx_tim.o
 .text.TIM_OC2PolarityConfig
                0x00000000       0x14 ..\obj\stm32f0xx_tim.o
 .text.TIM_OC2NPolarityConfig
                0x00000000       0x14 ..\obj\stm32f0xx_tim.o
 .text.TIM_OC3PolarityConfig
                0x00000000       0x18 ..\obj\stm32f0xx_tim.o
 .text.TIM_OC3NPolarityConfig
                0x00000000       0x18 ..\obj\stm32f0xx_tim.o
 .text.TIM_OC4PolarityConfig
                0x00000000       0x18 ..\obj\stm32f0xx_tim.o
 .text.TIM_SelectOCREFClear
                0x00000000       0x10 ..\obj\stm32f0xx_tim.o
 .text.TIM_CCxCmd
                0x00000000       0x1c ..\obj\stm32f0xx_tim.o
 .text.TIM_CCxNCmd
                0x00000000       0x1c ..\obj\stm32f0xx_tim.o
 .text.TIM_SelectCOM
                0x00000000       0x18 ..\obj\stm32f0xx_tim.o
 .text.TIM_ICStructInit
                0x00000000       0x10 ..\obj\stm32f0xx_tim.o
 .text.TIM_GetCapture1
                0x00000000        0x4 ..\obj\stm32f0xx_tim.o
 .text.TIM_GetCapture2
                0x00000000        0x4 ..\obj\stm32f0xx_tim.o
 .text.TIM_SetIC1Prescaler
                0x00000000       0x10 ..\obj\stm32f0xx_tim.o
 .text.TIM_SetIC2Prescaler
                0x00000000       0x18 ..\obj\stm32f0xx_tim.o
 .text.TIM_PWMIConfig
                0x00000000       0x7c ..\obj\stm32f0xx_tim.o
 .text.TIM_SetIC3Prescaler
                0x00000000       0x10 ..\obj\stm32f0xx_tim.o
 .text.TIM_SetIC4Prescaler
                0x00000000       0x18 ..\obj\stm32f0xx_tim.o
 .text.TIM_ICInit
                0x00000000       0xcc ..\obj\stm32f0xx_tim.o
 .text.TIM_GenerateEvent
                0x00000000        0x4 ..\obj\stm32f0xx_tim.o
 .text.TIM_GetFlagStatus
                0x00000000        0xc ..\obj\stm32f0xx_tim.o
 .text.TIM_ClearFlag
                0x00000000        0x8 ..\obj\stm32f0xx_tim.o
 .text.TIM_DMAConfig
                0x00000000        0x8 ..\obj\stm32f0xx_tim.o
 .text.TIM_DMACmd
                0x00000000       0x14 ..\obj\stm32f0xx_tim.o
 .text.TIM_SelectCCDMA
                0x00000000       0x18 ..\obj\stm32f0xx_tim.o
 .text.TIM_InternalClockConfig
                0x00000000        0xc ..\obj\stm32f0xx_tim.o
 .text.TIM_ITRxExternalClockConfig
                0x00000000       0x14 ..\obj\stm32f0xx_tim.o
 .text.TIM_TIxExternalClockConfig
                0x00000000       0x30 ..\obj\stm32f0xx_tim.o
 .text.TIM_SelectInputTrigger
                0x00000000        0xc ..\obj\stm32f0xx_tim.o
 .text.TIM_SelectOutputTrigger
                0x00000000       0x10 ..\obj\stm32f0xx_tim.o
 .text.TIM_SelectSlaveMode
                0x00000000       0x10 ..\obj\stm32f0xx_tim.o
 .text.TIM_SelectMasterSlaveMode
                0x00000000       0x10 ..\obj\stm32f0xx_tim.o
 .text.TIM_ETRConfig
                0x00000000       0x18 ..\obj\stm32f0xx_tim.o
 .text.TIM_ETRClockMode1Config
                0x00000000       0x14 ..\obj\stm32f0xx_tim.o
 .text.TIM_ETRClockMode2Config
                0x00000000       0x14 ..\obj\stm32f0xx_tim.o
 .text.TIM_EncoderInterfaceConfig
                0x00000000       0x30 ..\obj\stm32f0xx_tim.o
 .text.TIM_SelectHallSensor
                0x00000000       0x18 ..\obj\stm32f0xx_tim.o
 .text.TIM_RemapConfig
                0x00000000        0x8 ..\obj\stm32f0xx_tim.o
 .text          0x00000000        0x0 ..\obj\stm32f0xx_flash.o
 .data          0x00000000        0x0 ..\obj\stm32f0xx_flash.o
 .bss           0x00000000        0x0 ..\obj\stm32f0xx_flash.o
 .text.FLASH_SetLatency
                0x00000000       0x14 ..\obj\stm32f0xx_flash.o
 .text.FLASH_PrefetchBufferCmd
                0x00000000       0x20 ..\obj\stm32f0xx_flash.o
 .text.FLASH_GetPrefetchBufferStatus
                0x00000000       0x10 ..\obj\stm32f0xx_flash.o
 .text.FLASH_OB_Unlock
                0x00000000       0x20 ..\obj\stm32f0xx_flash.o
 .text.FLASH_OB_Lock
                0x00000000       0x14 ..\obj\stm32f0xx_flash.o
 .text.FLASH_OB_Launch
                0x00000000       0x14 ..\obj\stm32f0xx_flash.o
 .text.FLASH_OB_GetUser
                0x00000000       0x10 ..\obj\stm32f0xx_flash.o
 .text.FLASH_OB_GetWRP
                0x00000000        0xc ..\obj\stm32f0xx_flash.o
 .text.FLASH_OB_GetRDP
                0x00000000       0x14 ..\obj\stm32f0xx_flash.o
 .text.FLASH_ITConfig
                0x00000000       0x1c ..\obj\stm32f0xx_flash.o
 .text.FLASH_GetFlagStatus
                0x00000000       0x14 ..\obj\stm32f0xx_flash.o
 .text.FLASH_ClearFlag
                0x00000000        0xc ..\obj\stm32f0xx_flash.o
 .text.FLASH_EraseAllPages
                0x00000000       0x34 ..\obj\stm32f0xx_flash.o
 .text.FLASH_ProgramHalfWord
                0x00000000       0x34 ..\obj\stm32f0xx_flash.o
 .text.FLASH_OB_Erase
                0x00000000       0x80 ..\obj\stm32f0xx_flash.o
 .text.FLASH_OB_EnableWRP
                0x00000000       0x70 ..\obj\stm32f0xx_flash.o
 .text.FLASH_OB_RDPConfig
                0x00000000       0x74 ..\obj\stm32f0xx_flash.o
 .text.FLASH_OB_UserConfig
                0x00000000       0x50 ..\obj\stm32f0xx_flash.o
 .text.FLASH_OB_BOOTConfig
                0x00000000       0x44 ..\obj\stm32f0xx_flash.o
 .text.FLASH_OB_VDDAConfig
                0x00000000       0x44 ..\obj\stm32f0xx_flash.o
 .text.FLASH_OB_SRAMParityConfig
                0x00000000       0x44 ..\obj\stm32f0xx_flash.o
 .text.FLASH_OB_WriteUser
                0x00000000       0x44 ..\obj\stm32f0xx_flash.o
 .text.FLASH_OB_ProgramData
                0x00000000       0x3c ..\obj\stm32f0xx_flash.o
 .text          0x00000000        0x0 ..\obj\stm32f0xx_misc.o
 .data          0x00000000        0x0 ..\obj\stm32f0xx_misc.o
 .bss           0x00000000        0x0 ..\obj\stm32f0xx_misc.o
 .text.NVIC_SystemLPConfig
                0x00000000       0x1c ..\obj\stm32f0xx_misc.o
 .text.SysTick_CLKSourceConfig
                0x00000000       0x20 ..\obj\stm32f0xx_misc.o
 .data          0x00000000        0x0 c:/program files/gnu tools arm embedded/4.8 2014q2/bin/../lib/gcc/arm-none-eabi/4.8.4/armv6-m\libgcc.a(_udivsi3.o)
 .bss           0x00000000        0x0 c:/program files/gnu tools arm embedded/4.8 2014q2/bin/../lib/gcc/arm-none-eabi/4.8.4/armv6-m\libgcc.a(_udivsi3.o)
 .data          0x00000000        0x0 c:/program files/gnu tools arm embedded/4.8 2014q2/bin/../lib/gcc/arm-none-eabi/4.8.4/armv6-m\libgcc.a(_divsi3.o)
 .bss           0x00000000        0x0 c:/program files/gnu tools arm embedded/4.8 2014q2/bin/../lib/gcc/arm-none-eabi/4.8.4/armv6-m\libgcc.a(_divsi3.o)
 .data          0x00000000        0x0 c:/program files/gnu tools arm embedded/4.8 2014q2/bin/../lib/gcc/arm-none-eabi/4.8.4/armv6-m\libgcc.a(_dvmd_tls.o)
 .bss           0x00000000        0x0 c:/program files/gnu tools arm embedded/4.8 2014q2/bin/../lib/gcc/arm-none-eabi/4.8.4/armv6-m\libgcc.a(_dvmd_tls.o)

Memory Configuration

Name             Origin             Length             Attributes
rom              0x08000000         0x00010000         xr
ram              0x20000000         0x00002000         xrw
*default*        0x00000000         0xffffffff

Linker script and memory map

                0x20002000                _eram = 0x20002000

.text           0x08000000     0x2700
 *(.isr_vector)
 .isr_vector    0x08000000       0xc4 ..\obj\startup_stm32f0xx.o
                0x08000000                g_pfnVectors
 *(.text*)
 .text.RCC_GetClocksFreq
                0x080000c4      0x118 ..\obj\stm32f0xx_rcc.o
                0x080000c4                RCC_GetClocksFreq
 .text.RCC_AHBPeriphClockCmd
                0x080001dc       0x1c ..\obj\stm32f0xx_rcc.o
                0x080001dc                RCC_AHBPeriphClockCmd
 .text.RCC_APB2PeriphClockCmd
                0x080001f8       0x1c ..\obj\stm32f0xx_rcc.o
                0x080001f8                RCC_APB2PeriphClockCmd
 .text.RCC_APB1PeriphClockCmd
                0x08000214       0x1c ..\obj\stm32f0xx_rcc.o
                0x08000214                RCC_APB1PeriphClockCmd
 .text.RCC_APB2PeriphResetCmd
                0x08000230       0x1c ..\obj\stm32f0xx_rcc.o
                0x08000230                RCC_APB2PeriphResetCmd
 .text.ADC_DeInit
                0x0800024c       0x24 ..\obj\stm32f0xx_adc.o
                0x0800024c                ADC_DeInit
 .text.ADC_Init
                0x08000270       0x2c ..\obj\stm32f0xx_adc.o
                0x08000270                ADC_Init
 .text.ADC_Cmd  0x0800029c       0x18 ..\obj\stm32f0xx_adc.o
                0x0800029c                ADC_Cmd
 .text.ADC_AutoPowerOffCmd
                0x080002b4       0x20 ..\obj\stm32f0xx_adc.o
                0x080002b4                ADC_AutoPowerOffCmd
 .text.ADC_WaitModeCmd
                0x080002d4       0x20 ..\obj\stm32f0xx_adc.o
                0x080002d4                ADC_WaitModeCmd
 .text.ADC_ChannelConfig
                0x080002f4        0xc ..\obj\stm32f0xx_adc.o
                0x080002f4                ADC_ChannelConfig
 .text.ADC_GetCalibrationFactor
                0x08000300       0x38 ..\obj\stm32f0xx_adc.o
                0x08000300                ADC_GetCalibrationFactor
 .text.ADC_StartOfConversion
                0x08000338        0xc ..\obj\stm32f0xx_adc.o
                0x08000338                ADC_StartOfConversion
 .text.ADC_GetConversionValue
                0x08000344        0x8 ..\obj\stm32f0xx_adc.o
                0x08000344                ADC_GetConversionValue
 .text.ADC_GetFlagStatus
                0x0800034c       0x1c ..\obj\stm32f0xx_adc.o
                0x0800034c                ADC_GetFlagStatus
 .text.ADC_ClearFlag
                0x08000368        0x4 ..\obj\stm32f0xx_adc.o
                0x08000368                ADC_ClearFlag
 .text.SysTick_Handler
                0x0800036c       0x10 ..\obj\main.o
                0x0800036c                SysTick_Handler
 .text.UserErase
                0x0800037c       0x10 ..\obj\main.o
                0x0800037c                UserErase
 .text.UserWrite
                0x0800038c       0x30 ..\obj\main.o
                0x0800038c                UserWrite
 .text.UserRead
                0x080003bc       0x20 ..\obj\main.o
                0x080003bc                UserRead
 .text.default_settings
                0x080003dc       0x58 ..\obj\main.o
                0x080003dc                default_settings
 .text.USARTInit
                0x08000434       0x98 ..\obj\main.o
                0x08000434                USARTInit
 .text.TIM_Config
                0x080004cc       0x24 ..\obj\main.o
                0x080004cc                TIM_Config
 .text.Timer_Init
                0x080004f0       0x84 ..\obj\main.o
                0x080004f0                Timer_Init
 .text.PWM_Config
                0x08000574       0xd0 ..\obj\main.o
                0x08000574                PWM_Config
 .text.PWM1_Pulse
                0x08000644       0x34 ..\obj\main.o
                0x08000644                PWM1_Pulse
 .text.ADC1_Config
                0x08000678       0xf4 ..\obj\main.o
                0x08000678                ADC1_Config
 .text.SPI_Config
                0x0800076c      0x12c ..\obj\main.o
                0x0800076c                SPI_Config
 .text.stm32_spi_rw
                0x08000898       0x48 ..\obj\main.o
                0x08000898                stm32_spi_rw
 .text.SendData
                0x080008e0       0x20 ..\obj\main.o
                0x080008e0                SendData
 .text.SendString
                0x08000900       0x18 ..\obj\main.o
                0x08000900                SendString
 .text.SendUint
                0x08000918      0x1a0 ..\obj\main.o
                0x08000918                SendUint
 .text.currents_settings
                0x08000ab8      0x354 ..\obj\main.o
                0x08000ab8                currents_settings
 .text.Perform_usart1_Int
                0x08000e0c      0x624 ..\obj\main.o
                0x08000e0c                Perform_usart1_Int
 .text.main     0x08001430      0x25c ..\obj\main.o
                0x08001430                main
 .text.USART1_IRQHandler
                0x0800168c       0x80 ..\obj\main.o
                0x0800168c                USART1_IRQHandler
 .text.TIM3_IRQHandler
                0x0800170c       0x90 ..\obj\main.o
                0x0800170c                TIM3_IRQHandler
 .text.Reset_Handler
                0x0800179c       0x4c ..\obj\startup_stm32f0xx.o
                0x0800179c                Reset_Handler
 .text.Default_Handler
                0x080017e8        0x2 ..\obj\startup_stm32f0xx.o
                0x080017e8                TIM1_CC_IRQHandler
                0x080017e8                HardFault_Handler
                0x080017e8                ADC1_COMP_IRQHandler
                0x080017e8                PVD_IRQHandler
                0x080017e8                PendSV_Handler
                0x080017e8                NMI_Handler
                0x080017e8                I2C1_IRQHandler
                0x080017e8                SPI1_IRQHandler
                0x080017e8                TIM6_DAC_IRQHandler
                0x080017e8                EXTI2_3_IRQHandler
                0x080017e8                I2C2_IRQHandler
                0x080017e8                TIM17_IRQHandler
                0x080017e8                RTC_IRQHandler
                0x080017e8                TIM16_IRQHandler
                0x080017e8                EXTI4_15_IRQHandler
                0x080017e8                RCC_IRQHandler
                0x080017e8                DMA1_Channel1_IRQHandler
                0x080017e8                Default_Handler
                0x080017e8                CEC_IRQHandler
                0x080017e8                TIM14_IRQHandler
                0x080017e8                DMA1_Channel4_5_IRQHandler
                0x080017e8                TIM15_IRQHandler
                0x080017e8                EXTI0_1_IRQHandler
                0x080017e8                SPI2_IRQHandler
                0x080017e8                SVC_Handler
                0x080017e8                TS_IRQHandler
                0x080017e8                WWDG_IRQHandler
                0x080017e8                TIM2_IRQHandler
                0x080017e8                DMA1_Channel2_3_IRQHandler
                0x080017e8                USART2_IRQHandler
                0x080017e8                FLASH_IRQHandler
                0x080017e8                TIM1_BRK_UP_TRG_COM_IRQHandler
 *fill*         0x080017ea        0x2 
 .text.SPI_Init
                0x080017ec       0x54 ..\obj\stm32f0xx_spi.o
                0x080017ec                SPI_Init
 .text.SPI_Cmd  0x08001840       0x18 ..\obj\stm32f0xx_spi.o
                0x08001840                SPI_Cmd
 .text.SPI_RxFIFOThresholdConfig
                0x08001858       0x14 ..\obj\stm32f0xx_spi.o
                0x08001858                SPI_RxFIFOThresholdConfig
 .text.SPI_SendData8
                0x0800186c        0x4 ..\obj\stm32f0xx_spi.o
                0x0800186c                SPI_SendData8
 .text.SPI_ReceiveData8
                0x08001870        0x8 ..\obj\stm32f0xx_spi.o
                0x08001870                SPI_ReceiveData8
 .text.SPI_CalculateCRC
                0x08001878       0x20 ..\obj\stm32f0xx_spi.o
                0x08001878                SPI_CalculateCRC
 .text.SPI_I2S_GetFlagStatus
                0x08001898        0xc ..\obj\stm32f0xx_spi.o
                0x08001898                SPI_I2S_GetFlagStatus
 .text.SetSysClock1
                0x080018a4       0xb4 ..\obj\system_stm32f0xx_temp.o
                0x080018a4                SetSysClock
 .text.SystemInit1
                0x08001958       0x64 ..\obj\system_stm32f0xx_temp.o
                0x08001958                SystemInit
                0x08001958                SystemInit1
 .text.GPIO_Init
                0x080019bc       0xa4 ..\obj\stm32f0xx_gpio.o
                0x080019bc                GPIO_Init
 .text.GPIO_PinAFConfig
                0x08001a60       0x24 ..\obj\stm32f0xx_gpio.o
                0x08001a60                GPIO_PinAFConfig
 .text.USART_Init
                0x08001a84       0xc4 ..\obj\stm32f0xx_usart.o
                0x08001a84                USART_Init
 .text.USART_Cmd
                0x08001b48       0x18 ..\obj\stm32f0xx_usart.o
                0x08001b48                USART_Cmd
 .text.USART_SendData
                0x08001b60        0x8 ..\obj\stm32f0xx_usart.o
                0x08001b60                USART_SendData
 .text.USART_ReceiveData
                0x08001b68        0x8 ..\obj\stm32f0xx_usart.o
                0x08001b68                USART_ReceiveData
 .text.USART_ITConfig
                0x08001b70       0x38 ..\obj\stm32f0xx_usart.o
                0x08001b70                USART_ITConfig
 .text.USART_GetFlagStatus
                0x08001ba8        0xc ..\obj\stm32f0xx_usart.o
                0x08001ba8                USART_GetFlagStatus
 .text.USART_GetITStatus
                0x08001bb4       0x40 ..\obj\stm32f0xx_usart.o
                0x08001bb4                USART_GetITStatus
 .text.TIM_TimeBaseInit
                0x08001bf4       0x88 ..\obj\stm32f0xx_tim.o
                0x08001bf4                TIM_TimeBaseInit
 .text.TIM_PrescalerConfig
                0x08001c7c        0x8 ..\obj\stm32f0xx_tim.o
                0x08001c7c                TIM_PrescalerConfig
 .text.TIM_Cmd  0x08001c84       0x18 ..\obj\stm32f0xx_tim.o
                0x08001c84                TIM_Cmd
 .text.TIM_CtrlPWMOutputs
                0x08001c9c       0x20 ..\obj\stm32f0xx_tim.o
                0x08001c9c                TIM_CtrlPWMOutputs
 .text.TIM_OC1Init
                0x08001cbc       0x7c ..\obj\stm32f0xx_tim.o
                0x08001cbc                TIM_OC1Init
 .text.TIM_OC3Init
                0x08001d38       0x84 ..\obj\stm32f0xx_tim.o
                0x08001d38                TIM_OC3Init
 .text.TIM_OC4Init
                0x08001dbc       0x64 ..\obj\stm32f0xx_tim.o
                0x08001dbc                TIM_OC4Init
 .text.TIM_SetCompare3
                0x08001e20        0x4 ..\obj\stm32f0xx_tim.o
                0x08001e20                TIM_SetCompare3
 .text.TIM_SetCompare4
                0x08001e24        0x4 ..\obj\stm32f0xx_tim.o
                0x08001e24                TIM_SetCompare4
 .text.TIM_OC3PreloadConfig
                0x08001e28        0xc ..\obj\stm32f0xx_tim.o
                0x08001e28                TIM_OC3PreloadConfig
 .text.TIM_OC4PreloadConfig
                0x08001e34       0x18 ..\obj\stm32f0xx_tim.o
                0x08001e34                TIM_OC4PreloadConfig
 .text.TIM_GetCapture3
                0x08001e4c        0x4 ..\obj\stm32f0xx_tim.o
                0x08001e4c                TIM_GetCapture3
 .text.TIM_GetCapture4
                0x08001e50        0x4 ..\obj\stm32f0xx_tim.o
                0x08001e50                TIM_GetCapture4
 .text.TIM_ITConfig
                0x08001e54       0x14 ..\obj\stm32f0xx_tim.o
                0x08001e54                TIM_ITConfig
 .text.TIM_GetITStatus
                0x08001e68       0x18 ..\obj\stm32f0xx_tim.o
                0x08001e68                TIM_GetITStatus
 .text.TIM_ClearITPendingBit
                0x08001e80        0x8 ..\obj\stm32f0xx_tim.o
                0x08001e80                TIM_ClearITPendingBit
 .text.FLASH_Unlock
                0x08001e88       0x20 ..\obj\stm32f0xx_flash.o
                0x08001e88                FLASH_Unlock
 .text.FLASH_Lock
                0x08001ea8       0x10 ..\obj\stm32f0xx_flash.o
                0x08001ea8                FLASH_Lock
 .text.FLASH_GetStatus
                0x08001eb8       0x28 ..\obj\stm32f0xx_flash.o
                0x08001eb8                FLASH_GetStatus
 .text.FLASH_WaitForLastOperation
                0x08001ee0       0x28 ..\obj\stm32f0xx_flash.o
                0x08001ee0                FLASH_WaitForLastOperation
 .text.FLASH_ErasePage
                0x08001f08       0x38 ..\obj\stm32f0xx_flash.o
                0x08001f08                FLASH_ErasePage
 .text.FLASH_ProgramWord
                0x08001f40       0x64 ..\obj\stm32f0xx_flash.o
                0x08001f40                FLASH_ProgramWord
 .text.NVIC_Init
                0x08001fa4       0x60 ..\obj\stm32f0xx_misc.o
                0x08001fa4                NVIC_Init
 .text          0x08002004       0x9c c:/program files/gnu tools arm embedded/4.8 2014q2/bin/../lib/gcc/arm-none-eabi/4.8.4/armv6-m\libgcc.a(_udivsi3.o)
                0x08002004                __aeabi_uidiv
                0x08002004                __udivsi3
                0x0800208c                __aeabi_uidivmod
 .text          0x080020a0       0xc0 c:/program files/gnu tools arm embedded/4.8 2014q2/bin/../lib/gcc/arm-none-eabi/4.8.4/armv6-m\libgcc.a(_divsi3.o)
                0x080020a0                __divsi3
                0x080020a0                __aeabi_idiv
                0x0800214c                __aeabi_idivmod
 .text          0x08002160        0x4 c:/program files/gnu tools arm embedded/4.8 2014q2/bin/../lib/gcc/arm-none-eabi/4.8.4/armv6-m\libgcc.a(_dvmd_tls.o)
                0x08002160                __aeabi_idiv0
                0x08002160                __aeabi_ldiv0
 *(.init)
 *(.fini)
 *crtbegin.o(.ctors)
 *crtbegin?.o(.ctors)
 *(EXCLUDE_FILE(*crtend.o *crtend?.o) .ctors)
 *(SORT(.ctors.*))
 *(.ctors)
 *crtbegin.o(.dtors)
 *crtbegin?.o(.dtors)
 *(EXCLUDE_FILE(*crtend.o *crtend?.o) .dtors)
 *(SORT(.dtors.*))
 *(.dtors)
 *(.rodata*)
 .rodata        0x08002164       0xd4 ..\obj\main.o
                0x08002164                fft_sizes
                0x08002178                StringLoop3
                0x08002190                StringLoop4
                0x080021a8                StringLoop1
                0x080021b8                StringLoop2
                0x080021cc                hold_on_time
                0x080021fc                fft_nlog
                0x08002210                speed_scale
                0x08002224                index_high
 .rodata.str1.4
                0x08002238      0x4c8 ..\obj\main.o
                                0x4cc (size before relaxing)
 *(.eh_fram e*)

.glue_7         0x08002700        0x0
 .glue_7        0x00000000        0x0 linker stubs

.glue_7t        0x08002700        0x0
 .glue_7t       0x00000000        0x0 linker stubs

.vfp11_veneer   0x08002700        0x0
 .vfp11_veneer  0x00000000        0x0 linker stubs

.v4_bx          0x08002700        0x0
 .v4_bx         0x00000000        0x0 linker stubs

.iplt           0x08002700        0x0
 .iplt          0x00000000        0x0 ..\obj\stm32f0xx_rcc.o

.rel.dyn        0x08002700        0x0
 .rel.iplt      0x00000000        0x0 ..\obj\stm32f0xx_rcc.o

.ARM.extab
 *(.ARM.extab* .gnu.linkonce.armextab.*)
                0x08002700                __exidx_start = .

.ARM.exidx
 *(.ARM.exidx* .gnu.linkonce.armexidx.*)
                0x08002700                __exidx_end = .
                0x08002700                __etext = .
                0x08002700                _sidata = __etext

.data           0x20000000       0x64 load address 0x08002700
                0x20000000                __data_start__ = .
                0x20000000                _sdata = __data_start__
 *(vtable)
 *(.data*)
 .data          0x20000000       0x10 ..\obj\stm32f0xx_rcc.o
 .data          0x20000010       0x40 ..\obj\main.o
                0x20000010                version_number
                0x20000014                build_id
                0x20000018                hold_dis
                0x20000048                MemoryProgramStatus
                0x20000049                FLASHStatus
                0x2000004c                Data
 .data          0x20000050       0x14 ..\obj\system_stm32f0xx_temp.o
                0x20000050                AHBPrescTable
                0x20000060                SystemCoreClock
                0x20000064                . = ALIGN (0x4)
                0x20000064                PROVIDE (__preinit_array_start, .)
 *(.preinit_array)
                0x20000064                PROVIDE (__preinit_array_end, .)
                0x20000064                . = ALIGN (0x4)
                0x20000064                PROVIDE (__init_array_start, .)
 *(SORT(.init_array.*))
 *(.init_array)
                0x20000064                PROVIDE (__init_array_end, .)
                0x20000064                . = ALIGN (0x4)
                0x20000064                PROVIDE (__fini_array_start, .)
 *(SORT(.fini_array.*))
 *(.fini_array)
                0x20000064                PROVIDE (__fini_array_end, .)
 *(.jcr*)
                0x20000064                . = ALIGN (0x4)
                0x20000064                __data_end__ = .
                0x20000064                _edata = __data_end__

.igot.plt       0x20000064        0x0 load address 0x08002764
 .igot.plt      0x00000000        0x0 ..\obj\stm32f0xx_rcc.o

.bss            0x20000064      0x4a0 load address 0x08002764
                0x20000064                . = ALIGN (0x4)
                0x20000064                __bss_start__ = .
                0x20000064                _sbss = __bss_start__
 *(.bss*)
 .bss           0x20000064       0x20 ..\obj\main.o
                0x20000064                packet_cnt
                0x20000068                t_tick1
                0x20000074                t_tick2
                0x20000078                NbrOfPage
                0x2000007c                Address
                0x20000080                EraseCounter
 *(COMMON)
 COMMON         0x20000084      0x480 ..\obj\main.o
                0x20000084                tmp
                0x20000098                settings
                0x200000f8                vect_fft
                0x200002f8                vectB2
                0x200003f8                GPIO_InitStructure
                0x20000400                vectA2
                0x20000500                msTicks
                0x20000504                . = ALIGN (0x4)
                0x20000504                __bss_end__ = .
                0x20000504                _ebss = __bss_end__

.heap           0x20000504        0x0
                0x20000504                __end__ = .
                0x20000504                _end = __end__
                0x20000504                end = __end__
 *(.heap*)
                0x20000504                __HeapLimit = .

.co_stack       0x20000504        0x4 load address 0x08002c04
                0x20000508                . = ALIGN (0x8)
 *fill*         0x20000504        0x4 
 *(.co_stack .co_stack.*)
                0x20002000                __StackTop = (ORIGIN (ram) + 0x2000)
                0x20001ffc                __StackLimit = (__StackTop - SIZEOF (.co_stack))
                0x20002000                PROVIDE (__stack, __StackTop)
                0x00000001                ASSERT ((__StackLimit >= __HeapLimit), region ram  overflowed with stack)
LOAD ..\obj\stm32f0xx_rcc.o
LOAD ..\obj\stm32f0xx_adc.o
LOAD ..\obj\main.o
LOAD ..\obj\startup_stm32f0xx.o
LOAD ..\obj\stm32f0xx_spi.o
LOAD ..\obj\system_stm32f0xx_temp.o
LOAD ..\obj\stm32f0xx_gpio.o
LOAD ..\obj\stm32f0xx_usart.o
LOAD ..\obj\stm32f0xx_tim.o
LOAD ..\obj\stm32f0xx_flash.o
LOAD ..\obj\stm32f0xx_misc.o
START GROUP
LOAD c:/program files/gnu tools arm embedded/4.8 2014q2/bin/../lib/gcc/arm-none-eabi/4.8.4/armv6-m\libgcc.a
LOAD c:/program files/gnu tools arm embedded/4.8 2014q2/bin/../lib/gcc/arm-none-eabi/4.8.4/../../../../arm-none-eabi/lib/armv6-m\libg.a
LOAD c:/program files/gnu tools arm embedded/4.8 2014q2/bin/../lib/gcc/arm-none-eabi/4.8.4/../../../../arm-none-eabi/lib/armv6-m\libc.a
END GROUP
OUTPUT(STM32F0Dis.elf elf32-littlearm)

.debug_info     0x00000000     0x937b
 .debug_info    0x00000000      0x9d4 ..\obj\stm32f0xx_rcc.o
 .debug_info    0x000009d4      0x8c8 ..\obj\stm32f0xx_adc.o
 .debug_info    0x0000129c     0x2e05 ..\obj\main.o
 .debug_info    0x000040a1       0xb6 ..\obj\startup_stm32f0xx.o
 .debug_info    0x00004157      0xb44 ..\obj\stm32f0xx_spi.o
 .debug_info    0x00004c9b      0x2fd ..\obj\system_stm32f0xx_temp.o
 .debug_info    0x00004f98      0x6e7 ..\obj\stm32f0xx_gpio.o
 .debug_info    0x0000567f      0xed6 ..\obj\stm32f0xx_usart.o
 .debug_info    0x00006555     0x20af ..\obj\stm32f0xx_tim.o
 .debug_info    0x00008604      0xa0e ..\obj\stm32f0xx_flash.o
 .debug_info    0x00009012      0x369 ..\obj\stm32f0xx_misc.o

.debug_abbrev   0x00000000     0x14c2
 .debug_abbrev  0x00000000      0x22e ..\obj\stm32f0xx_rcc.o
 .debug_abbrev  0x0000022e      0x1b0 ..\obj\stm32f0xx_adc.o
 .debug_abbrev  0x000003de      0x444 ..\obj\main.o
 .debug_abbrev  0x00000822       0x12 ..\obj\startup_stm32f0xx.o
 .debug_abbrev  0x00000834      0x1e5 ..\obj\stm32f0xx_spi.o
 .debug_abbrev  0x00000a19      0x13f ..\obj\system_stm32f0xx_temp.o
 .debug_abbrev  0x00000b58      0x1d2 ..\obj\stm32f0xx_gpio.o
 .debug_abbrev  0x00000d2a      0x1ba ..\obj\stm32f0xx_usart.o
 .debug_abbrev  0x00000ee4      0x284 ..\obj\stm32f0xx_tim.o
 .debug_abbrev  0x00001168      0x208 ..\obj\stm32f0xx_flash.o
 .debug_abbrev  0x00001370      0x152 ..\obj\stm32f0xx_misc.o

.debug_loc      0x00000000     0x4884
 .debug_loc     0x00000000      0x7f8 ..\obj\stm32f0xx_rcc.o
 .debug_loc     0x000007f8      0x421 ..\obj\stm32f0xx_adc.o
 .debug_loc     0x00000c19      0x6f1 ..\obj\main.o
 .debug_loc     0x0000130a      0x647 ..\obj\stm32f0xx_spi.o
 .debug_loc     0x00001951      0x124 ..\obj\system_stm32f0xx_temp.o
 .debug_loc     0x00001a75      0x235 ..\obj\stm32f0xx_gpio.o
 .debug_loc     0x00001caa      0x872 ..\obj\stm32f0xx_usart.o
 .debug_loc     0x0000251c     0x1b66 ..\obj\stm32f0xx_tim.o
 .debug_loc     0x00004082      0x787 ..\obj\stm32f0xx_flash.o
 .debug_loc     0x00004809       0x7b ..\obj\stm32f0xx_misc.o

.debug_aranges  0x00000000      0xae8
 .debug_aranges
                0x00000000      0x150 ..\obj\stm32f0xx_rcc.o
 .debug_aranges
                0x00000150      0x100 ..\obj\stm32f0xx_adc.o
 .debug_aranges
                0x00000250       0xf0 ..\obj\main.o
 .debug_aranges
                0x00000340       0x28 ..\obj\startup_stm32f0xx.o
 .debug_aranges
                0x00000368      0x110 ..\obj\stm32f0xx_spi.o
 .debug_aranges
                0x00000478       0x30 ..\obj\system_stm32f0xx_temp.o
 .debug_aranges
                0x000004a8       0x80 ..\obj\stm32f0xx_gpio.o
 .debug_aranges
                0x00000528      0x1a0 ..\obj\stm32f0xx_usart.o
 .debug_aranges
                0x000006c8      0x2f0 ..\obj\stm32f0xx_tim.o
 .debug_aranges
                0x000009b8      0x100 ..\obj\stm32f0xx_flash.o
 .debug_aranges
                0x00000ab8       0x30 ..\obj\stm32f0xx_misc.o

.debug_ranges   0x00000000      0xa40
 .debug_ranges  0x00000000      0x140 ..\obj\stm32f0xx_rcc.o
 .debug_ranges  0x00000140       0xf0 ..\obj\stm32f0xx_adc.o
 .debug_ranges  0x00000230       0xe0 ..\obj\main.o
 .debug_ranges  0x00000310       0x20 ..\obj\startup_stm32f0xx.o
 .debug_ranges  0x00000330      0x100 ..\obj\stm32f0xx_spi.o
 .debug_ranges  0x00000430       0x20 ..\obj\system_stm32f0xx_temp.o
 .debug_ranges  0x00000450       0x70 ..\obj\stm32f0xx_gpio.o
 .debug_ranges  0x000004c0      0x190 ..\obj\stm32f0xx_usart.o
 .debug_ranges  0x00000650      0x2e0 ..\obj\stm32f0xx_tim.o
 .debug_ranges  0x00000930       0xf0 ..\obj\stm32f0xx_flash.o
 .debug_ranges  0x00000a20       0x20 ..\obj\stm32f0xx_misc.o

.debug_line     0x00000000     0x318b
 .debug_line    0x00000000      0x502 ..\obj\stm32f0xx_rcc.o
 .debug_line    0x00000502      0x438 ..\obj\stm32f0xx_adc.o
 .debug_line    0x0000093a      0x809 ..\obj\main.o
 .debug_line    0x00001143       0xb3 ..\obj\startup_stm32f0xx.o
 .debug_line    0x000011f6      0x47c ..\obj\stm32f0xx_spi.o
 .debug_line    0x00001672      0x1b4 ..\obj\system_stm32f0xx_temp.o
 .debug_line    0x00001826      0x2ef ..\obj\stm32f0xx_gpio.o
 .debug_line    0x00001b15      0x5d7 ..\obj\stm32f0xx_usart.o
 .debug_line    0x000020ec      0x9fc ..\obj\stm32f0xx_tim.o
 .debug_line    0x00002ae8      0x469 ..\obj\stm32f0xx_flash.o
 .debug_line    0x00002f51      0x23a ..\obj\stm32f0xx_misc.o

.debug_str      0x00000000     0x3179
 .debug_str     0x00000000      0x685 ..\obj\stm32f0xx_rcc.o
                                0x723 (size before relaxing)
 .debug_str     0x00000685      0x417 ..\obj\stm32f0xx_adc.o
                                0x5b8 (size before relaxing)
 .debug_str     0x00000a9c      0xebf ..\obj\main.o
                               0x125d (size before relaxing)
 .debug_str     0x0000195b      0x33e ..\obj\stm32f0xx_spi.o
                                0x73c (size before relaxing)
 .debug_str     0x00001c99       0xa2 ..\obj\system_stm32f0xx_temp.o
                                0x29a (size before relaxing)
 .debug_str     0x00001d3b      0x173 ..\obj\stm32f0xx_gpio.o
                                0x4b0 (size before relaxing)
 .debug_str     0x00001eae      0x5f8 ..\obj\stm32f0xx_usart.o
                                0x991 (size before relaxing)
 .debug_str     0x000024a6      0x922 ..\obj\stm32f0xx_tim.o
                                0xe0a (size before relaxing)
 .debug_str     0x00002dc8      0x300 ..\obj\stm32f0xx_flash.o
                                0x576 (size before relaxing)
 .debug_str     0x000030c8       0xb1 ..\obj\stm32f0xx_misc.o
                                0x2f4 (size before relaxing)

.comment        0x00000000       0x70
 .comment       0x00000000       0x70 ..\obj\stm32f0xx_rcc.o
                                 0x71 (size before relaxing)
 .comment       0x00000000       0x71 ..\obj\stm32f0xx_adc.o
 .comment       0x00000000       0x71 ..\obj\main.o
 .comment       0x00000000       0x71 ..\obj\stm32f0xx_spi.o
 .comment       0x00000000       0x71 ..\obj\system_stm32f0xx_temp.o
 .comment       0x00000000       0x71 ..\obj\stm32f0xx_gpio.o
 .comment       0x00000000       0x71 ..\obj\stm32f0xx_usart.o
 .comment       0x00000000       0x71 ..\obj\stm32f0xx_tim.o
 .comment       0x00000000       0x71 ..\obj\stm32f0xx_flash.o
 .comment       0x00000000       0x71 ..\obj\stm32f0xx_misc.o

.ARM.attributes
                0x00000000       0x2f
 .ARM.attributes
                0x00000000       0x31 ..\obj\stm32f0xx_rcc.o
 .ARM.attributes
                0x00000031       0x31 ..\obj\stm32f0xx_adc.o
 .ARM.attributes
                0x00000062       0x31 ..\obj\main.o
 .ARM.attributes
                0x00000093       0x21 ..\obj\startup_stm32f0xx.o
 .ARM.attributes
                0x000000b4       0x31 ..\obj\stm32f0xx_spi.o
 .ARM.attributes
                0x000000e5       0x31 ..\obj\system_stm32f0xx_temp.o
 .ARM.attributes
                0x00000116       0x31 ..\obj\stm32f0xx_gpio.o
 .ARM.attributes
                0x00000147       0x31 ..\obj\stm32f0xx_usart.o
 .ARM.attributes
                0x00000178       0x31 ..\obj\stm32f0xx_tim.o
 .ARM.attributes
                0x000001a9       0x31 ..\obj\stm32f0xx_flash.o
 .ARM.attributes
                0x000001da       0x31 ..\obj\stm32f0xx_misc.o
 .ARM.attributes
                0x0000020b       0x1e c:/program files/gnu tools arm embedded/4.8 2014q2/bin/../lib/gcc/arm-none-eabi/4.8.4/armv6-m\libgcc.a(_udivsi3.o)
 .ARM.attributes
                0x00000229       0x1e c:/program files/gnu tools arm embedded/4.8 2014q2/bin/../lib/gcc/arm-none-eabi/4.8.4/armv6-m\libgcc.a(_divsi3.o)
 .ARM.attributes
                0x00000247       0x1e c:/program files/gnu tools arm embedded/4.8 2014q2/bin/../lib/gcc/arm-none-eabi/4.8.4/armv6-m\libgcc.a(_dvmd_tls.o)

.debug_frame    0x00000000     0x17bc
 .debug_frame   0x00000000      0x2a0 ..\obj\stm32f0xx_rcc.o
 .debug_frame   0x000002a0      0x1f0 ..\obj\stm32f0xx_adc.o
 .debug_frame   0x00000490      0x2bc ..\obj\main.o
 .debug_frame   0x0000074c      0x22c ..\obj\stm32f0xx_spi.o
 .debug_frame   0x00000978       0x54 ..\obj\system_stm32f0xx_temp.o
 .debug_frame   0x000009cc      0x108 ..\obj\stm32f0xx_gpio.o
 .debug_frame   0x00000ad4      0x35c ..\obj\stm32f0xx_usart.o
 .debug_frame   0x00000e30      0x690 ..\obj\stm32f0xx_tim.o
 .debug_frame   0x000014c0      0x270 ..\obj\stm32f0xx_flash.o
 .debug_frame   0x00001730       0x4c ..\obj\stm32f0xx_misc.o
 .debug_frame   0x0000177c       0x20 c:/program files/gnu tools arm embedded/4.8 2014q2/bin/../lib/gcc/arm-none-eabi/4.8.4/armv6-m\libgcc.a(_udivsi3.o)
 .debug_frame   0x0000179c       0x20 c:/program files/gnu tools arm embedded/4.8 2014q2/bin/../lib/gcc/arm-none-eabi/4.8.4/armv6-m\libgcc.a(_divsi3.o)
